[19856:22696:0319/214021.753:WARNING:chrome_main_delegate.cc(745)] This is Chrome version 128.0.6613.138 (not a warning)
[19856:22696:0319/214021.805:WARNING:account_consistency_mode_manager.cc(77)] Desktop Identity Consistency cannot be enabled as no OAuth client ID and client secret have been configured.
[19856:19292:0319/214024.429:WARNING:leveldb_database.cc(141)] Unable to open D:\GameJam2026\game_jam26\Saved\webcache_6613\Default\shared_proto_db\metadata: IO error: D:\GameJam2026\game_jam26\Saved\webcache_6613\Default\shared_proto_db\metadata/MANIFEST-000001: Unable to create sequential file (ChromeMethodBFE: 7::NewSequentialFile::1)
[19856:19292:0319/214024.432:WARNING:leveldb_database.cc(141)] Unable to open D:\GameJam2026\game_jam26\Saved\webcache_6613\Default\shared_proto_db\metadata: IO error: D:\GameJam2026\game_jam26\Saved\webcache_6613\Default\shared_proto_db\metadata/MANIFEST-000001: Unable to create sequential file (ChromeMethodBFE: 7::NewSequentialFile::1)
[19856:19292:0319/214024.469:WARNING:leveldb_database.cc(141)] Unable to open D:\GameJam2026\game_jam26\Saved\webcache_6613\Default\shared_proto_db\metadata: IO error: D:\GameJam2026\game_jam26\Saved\webcache_6613\Default\shared_proto_db\metadata/MANIFEST-000001: Unable to create sequential file (ChromeMethodBFE: 7::NewSequentialFile::1)
[19856:19292:0319/214024.471:WARNING:leveldb_database.cc(141)] Unable to open D:\GameJam2026\game_jam26\Saved\webcache_6613\Default\shared_proto_db\metadata: IO error: D:\GameJam2026\game_jam26\Saved\webcache_6613\Default\shared_proto_db\metadata/MANIFEST-000001: Unable to create sequential file (ChromeMethodBFE: 7::NewSequentialFile::1)
[19856:6012:0319/214024.957:WARNING:value_store_frontend.cc(47)] Reading ahfgeienlihckogmohjhadlkjgocpleb.alarms from  failed: IO error: .../MANIFEST-000001: Unable to create sequential file (ChromeMethodBFE: 7::NewSequentialFile::1)
[19856:6012:0319/214024.959:WARNING:value_store_frontend.cc(47)] Reading mhjfbmdgcfjbbpaeojofohoefgiehjai.alarms from  failed: IO error: .../MANIFEST-000001: Unable to create sequential file (ChromeMethodBFE: 7::NewSequentialFile::1)
[2972:22844:0319/214025.964:WARNING:frame_impl.cc(430)] virtual CefFrameImpl::SendProcessMessage sent to detached frame 5-6AEC380B5503AF0A1E9DC26C88FD65A7 will be ignored
[19856:24268:0319/214030.571:WARNING:leveldb_database.cc(141)] Unable to open D:\GameJam2026\game_jam26\Saved\webcache_6613\Default\GCM Store\Encryption: IO error: D:\GameJam2026\game_jam26\Saved\webcache_6613\Default\GCM Store\Encryption/MANIFEST-000001: Unable to create sequential file (ChromeMethodBFE: 7::NewSequentialFile::1)
[19856:22696:0319/214030.663:ERROR:device_event_log_impl.cc(196)] [21:40:30.304] USB: usb_service_win.cc:105 SetupDiGetDeviceProperty({{A45C254E-DF1C-4EFD-8020-67D146A850E0}, 6}) failed: Nie można odnaleźć elementu. (0x490)
[1748:6724:0319/231913.608:WARNING:chrome_main_delegate.cc(745)] This is Chrome version 128.0.6613.138 (not a warning)
[1748:6724:0319/231913.773:WARNING:account_consistency_mode_manager.cc(77)] Desktop Identity Consistency cannot be enabled as no OAuth client ID and client secret have been configured.
[1748:6724:0319/231920.107:ERROR:device_event_log_impl.cc(196)] [23:19:20.042] USB: usb_service_win.cc:105 SetupDiGetDeviceProperty({{A45C254E-DF1C-4EFD-8020-67D146A850E0}, 6}) failed: Nie można odnaleźć elementu. (0x490)
[9612:3120:0319/231924.494:WARNING:frame_impl.cc(430)] virtual CefFrameImpl::SendProcessMessage sent to detached frame 5-7C5A2639E1B6DAE4B99E31A5A2C32CD6 will be ignored
[1748:6724:0319/235338.659:WARNING:pref_notifier_impl.cc(41)] Pref observer for media_router.cast_allow_all_ips found at shutdown.
[12432:14060:0319/235404.169:WARNING:chrome_main_delegate.cc(745)] This is Chrome version 128.0.6613.138 (not a warning)
[12432:14060:0319/235404.230:WARNING:account_consistency_mode_manager.cc(77)] Desktop Identity Consistency cannot be enabled as no OAuth client ID and client secret have been configured.
[18232:23368:0319/235407.880:WARNING:frame_impl.cc(430)] virtual CefFrameImpl::SendProcessMessage sent to detached frame 5-1617FF73F26A04F918340EF3AB799647 will be ignored
[12432:14060:0319/235410.988:ERROR:device_event_log_impl.cc(196)] [23:54:10.980] USB: usb_service_win.cc:105 SetupDiGetDeviceProperty({{A45C254E-DF1C-4EFD-8020-67D146A850E0}, 6}) failed: Nie można odnaleźć elementu. (0x490)
[19856:22696:0320/000225.425:WARNING:pref_notifier_impl.cc(41)] Pref observer for media_router.cast_allow_all_ips found at shutdown.
[12432:14060:0320/000947.839:WARNING:pref_notifier_impl.cc(41)] Pref observer for media_router.cast_allow_all_ips found at shutdown.
