[3792:13124:0320/091554.416:WARNING:chrome_main_delegate.cc(745)] This is Chrome version 128.0.6613.138 (not a warning)
[3792:4080:0320/091554.448:ERROR:google_update_settings.cc(265)] Failed opening key Software\Chromium to set usagestats; result: 5
[3792:13124:0320/091554.461:WARNING:account_consistency_mode_manager.cc(77)] Desktop Identity Consistency cannot be enabled as no OAuth client ID and client secret have been configured.
[3792:13124:0320/091557.558:WARNING:external_registry_loader_win.cc(232)] Error observing HKLM: 5
[3792:1464:0320/091557.560:WARNING:leveldb_database.cc(141)] Unable to open C:\Users\student\Documents\Unreal Projects\game_jam26\game_jam26\Saved\webcache_6613\Default\shared_proto_db\metadata: IO error: C:\Users\student\Documents\Unreal Projects\game_jam26\game_jam26\Saved\webcache_6613\Default\shared_proto_db\metadata/MANIFEST-000001: Unable to create sequential file (ChromeMethodBFE: 7::NewSequentialFile::1)
[3792:1464:0320/091557.564:WARNING:leveldb_database.cc(141)] Unable to open C:\Users\student\Documents\Unreal Projects\game_jam26\game_jam26\Saved\webcache_6613\Default\shared_proto_db\metadata: IO error: C:\Users\student\Documents\Unreal Projects\game_jam26\game_jam26\Saved\webcache_6613\Default\shared_proto_db\metadata/MANIFEST-000001: Unable to create sequential file (ChromeMethodBFE: 7::NewSequentialFile::1)
[3792:1464:0320/091557.567:WARNING:leveldb_database.cc(141)] Unable to open C:\Users\student\Documents\Unreal Projects\game_jam26\game_jam26\Saved\webcache_6613\Default\shared_proto_db\metadata: IO error: C:\Users\student\Documents\Unreal Projects\game_jam26\game_jam26\Saved\webcache_6613\Default\shared_proto_db\metadata/MANIFEST-000001: Unable to create sequential file (ChromeMethodBFE: 7::NewSequentialFile::1)
[3792:1464:0320/091557.570:WARNING:leveldb_database.cc(141)] Unable to open C:\Users\student\Documents\Unreal Projects\game_jam26\game_jam26\Saved\webcache_6613\Default\shared_proto_db\metadata: IO error: C:\Users\student\Documents\Unreal Projects\game_jam26\game_jam26\Saved\webcache_6613\Default\shared_proto_db\metadata/MANIFEST-000001: Unable to create sequential file (ChromeMethodBFE: 7::NewSequentialFile::1)
[3792:1464:0320/091558.238:WARNING:value_store_frontend.cc(47)] Reading ahfgeienlihckogmohjhadlkjgocpleb.alarms from  failed: IO error: .../MANIFEST-000001: Unable to create sequential file (ChromeMethodBFE: 7::NewSequentialFile::1)
[3792:1464:0320/091558.261:WARNING:value_store_frontend.cc(47)] Reading mhjfbmdgcfjbbpaeojofohoefgiehjai.alarms from  failed: IO error: .../MANIFEST-000001: Unable to create sequential file (ChromeMethodBFE: 7::NewSequentialFile::1)
[1244:2376:0320/091558.593:WARNING:frame_impl.cc(430)] virtual CefFrameImpl::SendProcessMessage sent to detached frame 5-35B13BC887E92E184A6E2E1D8C816AAB will be ignored
[3792:6888:0320/091601.753:WARNING:leveldb_database.cc(141)] Unable to open C:\Users\student\Documents\Unreal Projects\game_jam26\game_jam26\Saved\webcache_6613\Default\GCM Store\Encryption: IO error: C:\Users\student\Documents\Unreal Projects\game_jam26\game_jam26\Saved\webcache_6613\Default\GCM Store\Encryption/MANIFEST-000001: Unable to create sequential file (ChromeMethodBFE: 7::NewSequentialFile::1)
[2436:10856:0320/092425.247:WARNING:dns_config_service_win.cc(605)] Failed to read DnsConfig.
[3792:7324:0320/092425.249:WARNING:dns_config_service_win.cc(605)] Failed to read DnsConfig.
[3792:7324:0320/092430.251:WARNING:dns_config_service_win.cc(605)] Failed to read DnsConfig.
[2436:7456:0320/092430.257:WARNING:dns_config_service_win.cc(605)] Failed to read DnsConfig.
[3792:7324:0320/092440.253:WARNING:dns_config_service_win.cc(605)] Failed to read DnsConfig.
[2436:7456:0320/092440.264:WARNING:dns_config_service_win.cc(605)] Failed to read DnsConfig.
[2436:12820:0320/124253.182:ERROR:ssl_client_socket_impl.cc(882)] handshake failed; returned -1, SSL error code 1, net_error -101
[2436:12820:0320/124253.314:ERROR:ssl_client_socket_impl.cc(882)] handshake failed; returned -1, SSL error code 1, net_error -101
[2436:12820:0320/124304.149:ERROR:ssl_client_socket_impl.cc(882)] handshake failed; returned -1, SSL error code 1, net_error -101
[2436:12820:0320/124312.110:ERROR:ssl_client_socket_impl.cc(882)] handshake failed; returned -1, SSL error code 1, net_error -101
[3792:13124:0320/134801.527:WARNING:pref_notifier_impl.cc(41)] Pref observer for media_router.cast_allow_all_ips found at shutdown.
