[16528:8804:0318/190027.074:WARNING:chrome_main_delegate.cc(745)] This is Chrome version 128.0.6613.138 (not a warning)
[16528:8804:0318/190027.133:WARNING:account_consistency_mode_manager.cc(77)] Desktop Identity Consistency cannot be enabled as no OAuth client ID and client secret have been configured.
[16528:22336:0318/190030.131:WARNING:leveldb_database.cc(141)] Unable to open D:\GameJam2026\game_jam26\Saved\webcache_6613\Default\shared_proto_db\metadata: IO error: D:\GameJam2026\game_jam26\Saved\webcache_6613\Default\shared_proto_db\metadata/MANIFEST-000001: Unable to create sequential file (ChromeMethodBFE: 7::NewSequentialFile::1)
[16528:22336:0318/190030.134:WARNING:leveldb_database.cc(141)] Unable to open D:\GameJam2026\game_jam26\Saved\webcache_6613\Default\shared_proto_db\metadata: IO error: D:\GameJam2026\game_jam26\Saved\webcache_6613\Default\shared_proto_db\metadata/MANIFEST-000001: Unable to create sequential file (ChromeMethodBFE: 7::NewSequentialFile::1)
[16528:22336:0318/190030.169:WARNING:leveldb_database.cc(141)] Unable to open D:\GameJam2026\game_jam26\Saved\webcache_6613\Default\shared_proto_db\metadata: IO error: D:\GameJam2026\game_jam26\Saved\webcache_6613\Default\shared_proto_db\metadata/MANIFEST-000001: Unable to create sequential file (ChromeMethodBFE: 7::NewSequentialFile::1)
[16528:22336:0318/190030.171:WARNING:leveldb_database.cc(141)] Unable to open D:\GameJam2026\game_jam26\Saved\webcache_6613\Default\shared_proto_db\metadata: IO error: D:\GameJam2026\game_jam26\Saved\webcache_6613\Default\shared_proto_db\metadata/MANIFEST-000001: Unable to create sequential file (ChromeMethodBFE: 7::NewSequentialFile::1)
[16528:18512:0318/190031.244:WARNING:value_store_frontend.cc(47)] Reading ahfgeienlihckogmohjhadlkjgocpleb.alarms from  failed: IO error: .../MANIFEST-000001: Unable to create sequential file (ChromeMethodBFE: 7::NewSequentialFile::1)
[16528:18512:0318/190031.246:WARNING:value_store_frontend.cc(47)] Reading mhjfbmdgcfjbbpaeojofohoefgiehjai.alarms from  failed: IO error: .../MANIFEST-000001: Unable to create sequential file (ChromeMethodBFE: 7::NewSequentialFile::1)
[9316:332:0318/190031.634:WARNING:frame_impl.cc(430)] virtual CefFrameImpl::SendProcessMessage sent to detached frame 5-3A70DE2A37ADFFE1A7CA545CD1979821 will be ignored
[16528:19360:0318/190034.726:WARNING:leveldb_database.cc(141)] Unable to open D:\GameJam2026\game_jam26\Saved\webcache_6613\Default\GCM Store\Encryption: IO error: D:\GameJam2026\game_jam26\Saved\webcache_6613\Default\GCM Store\Encryption/MANIFEST-000001: Unable to create sequential file (ChromeMethodBFE: 7::NewSequentialFile::1)
[16528:8804:0318/200032.368:ERROR:device_event_log_impl.cc(196)] [20:00:32.090] USB: usb_service_win.cc:105 SetupDiGetDeviceProperty({{A45C254E-DF1C-4EFD-8020-67D146A850E0}, 6}) failed: Nie można odnaleźć elementu. (0x490)
[16528:8804:0318/200032.676:ERROR:device_event_log_impl.cc(196)] [20:00:32.098] USB: usb_service_win.cc:308 SetupDiEnumDeviceInterfaces: Brak dalszych danych. (0x103)
[16528:8804:0318/200032.677:ERROR:device_event_log_impl.cc(196)] [20:00:32.316] USB: usb_service_win.cc:105 SetupDiGetDeviceProperty({{A45C254E-DF1C-4EFD-8020-67D146A850E0}, 6}) failed: Nie można odnaleźć elementu. (0x490)
[16528:8804:0318/200032.677:ERROR:device_event_log_impl.cc(196)] [20:00:32.334] USB: usb_service_win.cc:308 SetupDiEnumDeviceInterfaces: Brak dalszych danych. (0x103)
[1464:22084:0318/203322.215:WARNING:dns_config_service_win.cc(605)] Failed to read DnsConfig.
[16528:18512:0318/203322.217:WARNING:dns_config_service_win.cc(605)] Failed to read DnsConfig.
[16528:18512:0318/203327.219:WARNING:dns_config_service_win.cc(605)] Failed to read DnsConfig.
[1464:15036:0318/203327.224:WARNING:dns_config_service_win.cc(605)] Failed to read DnsConfig.
[16528:18512:0318/203337.221:WARNING:dns_config_service_win.cc(605)] Failed to read DnsConfig.
[1464:15036:0318/203337.241:WARNING:dns_config_service_win.cc(605)] Failed to read DnsConfig.
[16528:8804:0318/211317.131:WARNING:pref_notifier_impl.cc(41)] Pref observer for media_router.cast_allow_all_ips found at shutdown.
